[www.techniti.in/index.html]
[backblue.gif]
[fade.gif]
[index.html]
[www.jqueryscript.net/css/jquerysctipttop.css]
[code.jquery.com/jquery-2.1.4.min.js]
[www.techniti.in/maingallery.js]
[www.techniti.in/photo/data.js]
[techniti.in/favicon/apple-icon-57x57.png]
[techniti.in/favicon/apple-icon-60x60.png]
[techniti.in/favicon/apple-icon-72x72.png]
[techniti.in/favicon/apple-icon-76x76.png]
[techniti.in/favicon/apple-icon-114x114.png]
[techniti.in/favicon/apple-icon-120x120.png]
[techniti.in/favicon/apple-icon-144x144.png]
[techniti.in/favicon/apple-icon-152x152.png]
[techniti.in/favicon/apple-icon-180x180.png]
[techniti.in/favicon/android-icon-192x192.png]
[techniti.in/favicon/favicon-32x32.png]
[techniti.in/favicon/favicon-96x96.png]
[techniti.in/favicon/favicon-16x16.png]
[www.techniti.in/main.js]
[cdnjs.cloudflare.com/ajax/libs/twitter-bootstrap/4.1.3/css/bootstrap.min.css]
[techniti.in/local/templates/neurohive/assets/img/techniti-logo.png]
[techniti.in/local/templates/neurohive/assets/img/techniti-logo1.png]
[www.techniti.in/login/login.html]
[www.techniti.in/schdeule.pdf]
[www.techniti.in/local/templates/neurohive/assets/img/events/hardy sandhu solo.jpg]
[www.techniti.in/local/templates/neurohive/assets/img/events/sartek.jpg]
[www.techniti.in/local/templates/neurohive/assets/img/events/guest_ajit.jpg]
[www.techniti.in/local/templates/neurohive/assets/img/events/guest_rajiv.jpg]
[www.techniti.in/local/templates/neurohive/assets/img/events/robowar.jpg]
[www.techniti.in/societies/society_events/some.html]
[www.techniti.in/local/templates/neurohive/assets/img/events/hacktharon.jpg]
[www.techniti.in/local/templates/neurohive/assets/img/events/fashionshow.jpg]
[www.techniti.in/societies/society_events/textile.html]
[www.techniti.in/local/templates/neurohive/assets/img/events/mun.jpg]
[www.techniti.in/local/templates/neurohive/assets/img/events/soccer.jpg]
[www.techniti.in/societies/society_events/soccer.html]
[www.techniti.in/tshirt/img/tshirt2.jpg]
[www.techniti.in/societies/society_events/workshops.html]
[www.techniti.in/local/templates/neurohive/assets/img/iot.jpg]
[www.techniti.in/local/templates/neurohive/assets/img/cloud.jpg]
[www.techniti.in/local/templates/neurohive/assets/img/aspen.jpg]
[ajax.googleapis.com/ajax/libs/jquery/3.3.1/jquery.min.js]
[www.techniti.in/bitrix/cache/js/s1/neurohive/template/template_5db094422e4fac0e2ce6bb1de9ac94883dfd3dfd.js]
[www.techniti.in/bitrix/cache/js/s1/neurohive/page/page_881e199689d27b97bb8790f88818f05ba84aa84a.js]
[www.techniti.in/index.html]
[www.techniti.in/screen.css]
[www.jqueryscript.net/css/jquerysctipttop.css]
[www.techniti.in/style.css]
[www.techniti.in/bitrix/cache/css/s1/neurohive/page/page_df1f54e5eec36cbf0e3d0865c26bc2bf2ca22ca2.css]
[www.techniti.in/local/templates/neurohive/assets/fonts/clarke/Clarke.html]
[www.techniti.in/local/templates/neurohive/assets/fonts/clarke/Clarke.woff]
[www.techniti.in/local/templates/neurohive/assets/fonts/geometria/Geometria-Bold.woff]
[www.techniti.in/local/templates/neurohive/assets/fonts/geometria/Geometria-Bold.html]
[www.techniti.in/local/templates/neurohive/assets/fonts/mont/Mont-Bold.html]
[www.techniti.in/local/templates/neurohive/assets/fonts/mont/Mont-Bold.woff]
[www.techniti.in/local/templates/neurohive/assets/fonts/muller/MullerLight.woff]
[www.techniti.in/local/templates/neurohive/assets/fonts/muller/MullerLight.html]
[www.techniti.in/local/templates/neurohive/assets/fonts/muller/MullerRegular.html]
[www.techniti.in/local/templates/neurohive/assets/fonts/muller/MullerRegular.woff]
[www.techniti.in/local/templates/neurohive/assets/fonts/muller/MullerMedium.woff]
[www.techniti.in/local/templates/neurohive/assets/fonts/muller/MullerMedium.html]
[www.techniti.in/local/templates/neurohive/assets/fonts/muller/MullerBold.woff]
[www.techniti.in/local/templates/neurohive/assets/fonts/muller/MullerBold.html]
[www.techniti.in/local/templates/neurohive/assets/fonts/osnova/OsnovaPro-Regular.woff]
[www.techniti.in/local/templates/neurohive/assets/fonts/osnova/OsnovaPro-Regular.html]
[www.techniti.in/local/templates/neurohive/assets/img/lines.png]
[www.techniti.in/local/templates/neurohive/assets/img/2arrow.png]
[www.techniti.in/bitrix/cache/css/s1/neurohive/template/template_6f5efa8a81bc2b376995e8406bd5943b838b838b.css]
[cdnjs.cloudflare.com/ajax/libs/twitter-bootstrap/4.1.3/css/bootstrap.min.css]
[cdnjs.cloudflare.com/ajax/libs/jquery/3.3.1/jquery.min.js]
[www.techniti.in/bitrix/cache/js/s1/neurohive/page_d8/page_d819a5cf49a8c3d38ad8ad6c57b61d82aab5aab5.js]
[www.techniti.in/login/login.html]
[www.techniti.in/societies/society_events/img/back_img/some.jpg]
[www.techniti.in/societies/society_events/arena.png]
[www.techniti.in/societies/society_events/regbutton.jpg]
[www.techniti.in/societies/society_events/aqua.png]
[www.techniti.in/local/templates/neurohive/assets/js/gsap.js]
[www.techniti.in/local/templates/neurohive/assets/js/pixi.js]
[www.techniti.in/local/templates/neurohive/assets/js/polyfill.min.js]
[www.techniti.in/local/templates/neurohive/assets/js/scrollmagic.js]
[www.techniti.in/local/templates/neurohive/assets/js/animation.gsap.js]
[www.techniti.in/local/templates/neurohive/assets/js/project.js]
[cdnjs.cloudflare.com/ajax/libs/twitter-bootstrap/4.1.3/js/bootstrap.min.js]
[www.techniti.in/societies/society_events/main.js]
[www.techniti.in/societies/society_events/some.html]
[www.techniti.in/societies/society_events/img/back_img/textile.jpg]
[www.techniti.in/societies/society_events/textile.html]
[www.techniti.in/societies/society_events/img/back_img/civil.jpg]
[www.techniti.in/societies/society_events/soccer.html]
[www.techniti.in/photo/{{img}}.html]
[www.techniti.in/societies/society_events/img/back_img/soece.jpg]
[www.techniti.in/societies/society_events/workshops.html]
[www.techniti.in/local/templates/neurohive/assets/fonts/clarke/Clarke.html]
[www.techniti.in/local/templates/neurohive/assets/fonts/geometria/Geometria-Bold.html]
[www.techniti.in/local/templates/neurohive/assets/fonts/mont/Mont-Bold.html]
[www.techniti.in/local/templates/neurohive/assets/fonts/muller/MullerLight.html]
[www.techniti.in/local/templates/neurohive/assets/fonts/muller/MullerRegular.html]
[www.techniti.in/local/templates/neurohive/assets/fonts/muller/MullerMedium.html]
[www.techniti.in/local/templates/neurohive/assets/fonts/muller/MullerBold.html]
[www.techniti.in/local/templates/neurohive/assets/fonts/osnova/OsnovaPro-Regular.html]
[www.techniti.in/local/templates/neurohive/assets/img/svg/checkbox.svg]
[techniti.in/ms-icon-144x144.html]
[www.techniti.in/login/login/login.html]
[www.techniti.in/bitrix/js/main/core/images/panel/top-panel-sprite-2.png]
[www.techniti.in/bitrix/fonts/opensans-bold.eot]
[www.techniti.in/bitrix/fonts/opensans-bold.woff]
[www.techniti.in/bitrix/fonts/opensans-bold.ttf]
[www.techniti.in/bitrix/js/main/core/images/popup/popup-menu-sprite.2.png]
[www.techniti.in/bitrix/js/main/core/images/calendar-sprite.png]
[www.techniti.in/bitrix/cache/css/s1/neurohive/kernel_main/kernel_maind75ad75a.css]
[www.techniti.in/societies/society_events/style.css]
[www.techniti.in/societies/society_events/login/login.html]
[www.techniti.in/societies/society_events/Table 'techniti.html]
